============================================================
RAG Agent Kit - Smoke Test Suite
============================================================
Testing /health endpoint...
[OK] /health endpoint OK

Testing /ready endpoint...
[OK] /ready endpoint OK

Testing /ask endpoint without API key...
[OK] /ask endpoint correctly rejects unauthorized requests

Testing /ask endpoint with valid API key...
[OK] /ask endpoint OK with authorization

============================================================
Results: 4 passed, 0 failed
============================================================

[OK] All smoke tests passed!
